============================= test session starts =============================
platform win32 -- Python 3.13.5, pytest-8.4.1, pluggy-1.6.0 -- C:\Users\zhangyunze\AppData\Local\Programs\Python\Python313\python.exe
cachedir: .pytest_cache
rootdir: C:\work_202507\calendar_app
configfile: pytest.ini
plugins: mock-3.14.1
collecting ... collected 18 items

tests/test_calendar_controller.py::test_calendar_controller_initial_date PASSED [  5%]
tests/test_calendar_controller.py::test_calendar_controller_prev_month PASSED [ 11%]
tests/test_calendar_controller.py::test_calendar_controller_next_month PASSED [ 16%]
tests/test_calendar_controller.py::test_get_events_for_date PASSED       [ 22%]
tests/test_calendar_controller.py::test_add_event_to_date PASSED         [ 27%]
tests/test_calendar_view.py::test_calendar_view_update_display PASSED    [ 33%]
tests/test_event_dialog.py::test_event_dialog_initial_display PASSED     [ 38%]
tests/test_event_edit_dialog.py::test_edit_dialog_data_acquisition_ok PASSED [ 44%]
tests/test_event_edit_dialog.py::test_edit_dialog_data_acquisition_cancel PASSED [ 50%]
tests/test_event_manager.py::test_load_events_file_not_found PASSED      [ 55%]
tests/test_event_manager.py::test_load_events_empty_file PASSED          [ 61%]
tests/test_event_manager.py::test_load_events_invalid_json PASSED        [ 66%]
tests/test_event_manager.py::test_load_events_valid_data PASSED          [ 72%]
tests/test_event_manager.py::test_add_event PASSED                       [ 77%]
tests/test_event_manager.py::test_update_event PASSED                    [ 83%]
tests/test_event_manager.py::test_delete_event PASSED                    [ 88%]
tests/test_holiday_service.py::test_get_holidays_valid_data PASSED       [ 94%]
tests/test_theme_manager.py::test_toggle_theme PASSED                    [100%]

============================= 18 passed in 0.55s ==============================
